123456789|123456789|123456789|123456789|123456789|123456789|123456789|123456789|123456789|123456789|123456789|123456789|123456789|123456789|

Lorem ipsum dolor sit amet, consectetur adipiscing elit. Maecenas vitae imperdiet tellus. Vivamus sagittis mauris in
magna aliquet dapibus. Donec augue libero, commodo ac eleifend sed, ultricies quis lorem. Duis nisl arcu, facilisis a
cursus ac, adipiscing eu metus. Sed cursus enim et metus sodales ornare. Donec elementum ipsum eu augue luctus laoreet.
Duis nec neque eu metus venenatis vestibulum. Aenean arcu arcu, scelerisque fringilla suscipit vitae, mollis ac quam.
Nam eleifend rutrum tellus ac venenatis.

Ut vel orci id nisl sagittis feugiat. Praesent auctor tincidunt lacus ut ultrices. Class aptent taciti sociosqu ad
litora torquent per conubia nostra, per inceptos himenaeos. Morbi pulvinar tortor eget neque feugiat ac scelerisque mi
vehicula. In lobortis rutrum rhoncus. Praesent leo risus, dignissim vel bibendum sed, sodales sit amet risus. Curabitur
volutpat porttitor nibh id ullamcorper. Ut ultrices varius dui, molestie bibendum odio volutpat eu. Phasellus convallis
posuere dui condimentum imperdiet. Mauris feugiat consectetur euismod. Integer porta hendrerit ligula non blandit.
Praesent imperdiet auctor tincidunt.

Pellentesque suscipit purus a neque pretium ac laoreet felis cursus. Aliquam lacinia augue id felis aliquet quis dapibus
nibh condimentum. Cum sociis natoque penatibus et magnis dis parturient montes, nascetur ridiculus mus. Vestibulum vel
rutrum risus. Duis faucibus nisi et ante tincidunt pharetra. Sed tincidunt, purus ut cursus vestibulum, erat ipsum
pretium tellus, eu rhoncus ipsum augue ut augue. Morbi ut bibendum ante. Maecenas accumsan diam id nibh tincidunt
condimentum pulvinar vitae quam. Class aptent taciti sociosqu ad litora torquent per conubia nostra, per inceptos
himenaeos. Aliquam nec mi quam, eu dictum magna.

Vestibulum ante ipsum primis in faucibus orci luctus et ultrices posuere cubilia Curae; Nulla congue arcu ac nisi cursus
euismod. Curabitur facilisis turpis ac nunc imperdiet id ultrices risus porta. Nunc condimentum vestibulum sapien sit
amet commodo. Proin eget dolor velit. Nullam fermentum, nulla vel pellentesque imperdiet, magna orci suscipit turpis,
vitae vehicula purus mauris at enim. Maecenas iaculis, dui ac auctor lobortis, velit nunc placerat magna, id bibendum
urna magna a mauris. Proin sed nibh in mi rhoncus consectetur id in neque.

Vivamus facilisis consequat neque a cursus. Curabitur cursus bibendum est nec dictum. Morbi tempor semper faucibus.
Morbi suscipit mi et dolor fermentum fermentum. Duis orci dui, varius sit amet tincidunt sed, eleifend ut mauris. Donec
scelerisque mauris eu purus rhoncus viverra. Sed ipsum erat, dignissim congue molestie id, rhoncus vel lectus. Class
aptent taciti sociosqu ad litora torquent per conubia nostra, per inceptos himenaeos. Quisque libero libero, tristique
placerat pretium eget, congue a nisl. Integer malesuada facilisis elit a posuere.

Suspendisse ultrices vulputate faucibus. Praesent nec dolor tortor, blandit scelerisque magna. Integer nec varius enim.
Praesent varius egestas iaculis. Sed vestibulum libero id odio laoreet ut volutpat ligula ullamcorper. Duis velit enim,
tempus eu egestas vitae, pulvinar sed nulla. Praesent tortor erat, venenatis tempus mollis vel, fringilla id mi.
Curabitur fringilla dapibus ante eget egestas. Nulla at metus erat. Curabitur sit amet nibh id mi luctus blandit.

Morbi metus odio, rutrum quis pellentesque vitae, tempus ac eros. Mauris pulvinar, erat et dictum pulvinar, odio turpis
ornare libero, eu venenatis urna ante sed ante. Proin euismod libero eleifend elit posuere sed pharetra odio aliquam. Ut
non turpis id lorem feugiat pretium eu vitae dolor. Morbi metus lectus, rutrum sed adipiscing id, hendrerit ultrices
justo. Vivamus vel metus id massa tempor cursus. Suspendisse malesuada erat sit amet lectus sollicitudin lacinia.
Pellentesque habitant morbi tristique senectus et netus et malesuada fames ac turpis egestas. Sed pretium mi ornare
risus porta eu venenatis mauris ullamcorper. Phasellus eget leo non purus vestibulum faucibus. Morbi id dolor ac est
suscipit placerat ullamcorper ut risus.

Proin vel metus nisl. Phasellus dignissim condimentum lectus, luctus porttitor tortor molestie quis. Donec ut diam quis
nisi fermentum blandit nec sit amet augue. Vivamus vitae nisl a odio blandit pellentesque vitae nec est. Ut malesuada
vulputate tellus ac commodo. Maecenas magna nulla, fermentum in interdum in, semper ac metus. Nunc sed diam vitae purus
egestas viverra vitae id metus. Sed ante arcu, sodales eu laoreet sed, dapibus rhoncus felis. 

