123456789|123456789|123456789|123456789|123456789|123456789|123456789|12

Lorem ipsum dolor sit amet, consectetur adipiscing elit. Maecenas vitae 
magna aliquet dapibus. Donec augue libero, commodo ac eleifend sed, ultr
cursus ac, adipiscing eu metus. Sed cursus enim et metus sodales ornare.
Duis nec neque eu metus venenatis vestibulum. Aenean arcu arcu, sceleris
Nam eleifend rutrum tellus ac venenatis.

tabs in columns 1..10:
	*|123456789|123456789|123456789|123456789|123456789|123456789|12
x	*|123456789|123456789|123456789|123456789|123456789|123456789|12
xx	*|123456789|123456789|123456789|123456789|123456789|123456789|12
xxx	*|123456789|123456789|123456789|123456789|123456789|123456789|12
xxxx	*|123456789|123456789|123456789|123456789|123456789|123456789|12
xxxxx	*|123456789|123456789|123456789|123456789|123456789|123456789|12
xxxxxx	*|123456789|123456789|123456789|123456789|123456789|123456789|12
xxxxxxx	*|123456789|123456789|123456789|123456789|123456789|123456789|12
xxxxxxxx	*89|123456789|123456789|123456789|123456789|123456789|12
xxxxxxxxx	*89|123456789|123456789|123456789|123456789|123456789|12

