
UTF-8 encoded sample plain-text file
‾‾‾‾‾‾‾‾‾‾‾‾‾‾‾‾‾‾‾‾‾‾‾‾‾‾‾‾‾‾‾‾‾‾‾‾

Markus Kuhn [ˈmaʳkʊs kuːn] <http://www.c


The ASCII compatible UTF-8 encoding used
is defined in Unicode, ISO 10646-1, and 


Using Unicode/UTF-8, you can write in em

Mathematics and sciences:

  ∮ E⋅da = Q,  n → ∞, ∑ f(i) = ∏ g(i),  
                                        
  ∀x∈ℝ: ⌈x⌉ = −⌊−x⌋, α ∧ ¬β = ¬(¬α ∨ β),
                                        
  ℕ ⊆ ℕ₀ ⊂ ℤ ⊂ ℚ ⊂ ℝ ⊂ ℂ,               
                                        
  ⊥ < a ≠ b ≡ c ≤ d ≪ ⊤ ⇒ (⟦A⟧ ⇔ ⟪B⟫),  
                                        
  2H₂ + O₂ ⇌ 2H₂O, R = 4.7 kΩ, ⌀ 200 mm 

Linguistics and dictionaries:

  ði ıntəˈnæʃənəl fəˈnɛtık əsoʊsiˈeıʃn
  Y [ˈʏpsilɔn], Yen [jɛn], Yoga [ˈjoːgɑ]

APL:

  ((V⍳V)=⍳⍴V)/V←,V    ⌷←⍳→⍴∆∇⊃‾⍎⍕⌈

Nicer typography in plain text files:

  ╔═════════════════════════════════════
  ║                                     
  ║   • ‘single’ and “double” quotes    
  ║                                     
  ║   • Curly apostrophes: “We’ve been h
  ║                                     
  ║   • Latin-1 apostrophe and accents: 
  ║                                     
  ║   • ‚deutsche‘ „Anführungszeichen“  
  ║                                     
  ║   • †, ‡, ‰, •, 3–4, —, −5/+5, ™, … 
  ║                                     
  ║   • ASCII safety test: 1lI|, 0OD, 8B
  ║                      ╭─────────╮    
  ║   • the euro symbol: │ 14.95 € │    
  ║                      ╰─────────╯    
  ╚═════════════════════════════════════

Combining characters:

  STARGΛ̊TE SG-1, a = v̇ = r̈, a⃑ ⊥ b⃑

Greek (in Polytonic):

  The Greek anthem:

  Σὲ γνωρίζω ἀπὸ τὴν κόψη
  τοῦ σπαθιοῦ τὴν τρομερή,
  σὲ γνωρίζω ἀπὸ τὴν ὄψη
  ποὺ μὲ βία μετράει τὴ γῆ.

  ᾿Απ᾿ τὰ κόκκαλα βγαλμένη
  τῶν ῾Ελλήνων τὰ ἱερά
  καὶ σὰν πρῶτα ἀνδρειωμένη
  χαῖρε, ὦ χαῖρε, ᾿Ελευθεριά!

  From a speech of Demosthenes in the 4t

  Οὐχὶ ταὐτὰ παρίσταταί μοι γιγνώσκειν, 
  ὅταν τ᾿ εἰς τὰ πράγματα ἀποβλέψω καὶ ὅ
  λόγους οὓς ἀκούω· τοὺς μὲν γὰρ λόγους 
  τιμωρήσασθαι Φίλιππον ὁρῶ γιγνομένους,
  εἰς τοῦτο προήκοντα,  ὥσθ᾿ ὅπως μὴ πει
  πρότερον κακῶς σκέψασθαι δέον. οὐδέν ο
  οἱ τὰ τοιαῦτα λέγοντες ἢ τὴν ὑπόθεσιν,
  οὐχὶ τὴν οὖσαν παριστάντες ὑμῖν ἁμαρτά
  ποτ᾿ ἐξῆν τῇ πόλει καὶ τὰ αὑτῆς ἔχειν 
  τιμωρήσασθαι, καὶ μάλ᾿ ἀκριβῶς οἶδα· ἐ
  γέγονεν ταῦτ᾿ ἀμφότερα· νῦν μέντοι πέπ
  προλαβεῖν ἡμῖν εἶναι τὴν πρώτην, ὅπως 
  σώσομεν. ἐὰν γὰρ τοῦτο βεβαίως ὑπάρξῃ,
  τίνα τιμωρήσεταί τις καὶ ὃν τρόπον ἐξέ
  τὴν ἀρχὴν ὀρθῶς ὑποθέσθαι, μάταιον ἡγο
  τελευτῆς ὁντινοῦν ποιεῖσθαι λόγον.

  Δημοσθένους, Γ´ ᾿Ολυνθιακὸς

Georgian:

  From a Unicode conference invitation:

  გთხოვთ ახლავე გაიაროთ რეგისტრაცია Unic
  კონფერენციაზე დასასწრებად, რომელიც გაი
  ქ. მაინცში, გერმანიაში. კონფერენცია შე
  ექსპერტებს ისეთ დარგებში როგორიცაა ინტ
  ინტერნაციონალიზაცია და ლოკალიზაცია, Un
  ოპერაციულ სისტემებსა, და გამოყენებით პ
  ტექსტების დამუშავებასა და მრავალენოვან

Russian:

  From a Unicode conference invitation:

  Зарегистрируйтесь сейчас на Десятую Ме
  Unicode, которая состоится 10-12 марта
  Конференция соберет широкий круг экспе
  Интернета и Unicode, локализации и инт
  применению Unicode в различных операци
  приложениях, шрифтах, верстке и многоя

Thai (UCS Level 2):

  Excerpt from a poetry on The Romance o
  classic 'San Gua'):

  [----------------------------|--------
    ๏ แผ่นดินฮั่นเสื่อมโทรมแสนสังเวช  พระปกเกศก
  สิบสองกษัตริย์ก่อนหน้าแลถัดไป       สององค์ไซร้
    ทรงนับถือขันทีเป็นที่พึ่ง           บ้านเมืองจึง
  โฮจิ๋นเรียกทัพทั่วหัวเมืองมา         หมายจะฆ่าม
    เหมือนขับไสไล่เสือจากเคหา      รับหมาป่าเข้
  ฝ่ายอ้องอุ้นยุแยกให้แตกกัน          ใช้สาวนั้นเป็
    พลันลิฉุยกุยกีกลับก่อเหตุ          ช่างอาเพศจ
  ต้องรบราฆ่าฟันจนบรรลัย           ฤๅหาใครค้ำ

  (The above is a two-column text. If co
  correctly, the lines of the second col
  | character above.)

Ethiopian:

  Proverbs in the Amharic language:

  ሰማይ አይታረስ ንጉሥ አይከሰስ።
  ብላ ካለኝ እንደአባቴ በቆመጠኝ።
  ጌጥ ያለቤቱ ቁምጥና ነው።
  ደሀ በሕልሙ ቅቤ ባይጠጣ ንጣት በገደለው።
  የአፍ ወለምታ በቅቤ አይታሽም።
  አይጥ በበላ ዳዋ ተመታ።
  ሲተረጉሙ ይደረግሙ።
  ቀስ በቀስ፥ ዕንቁላል በእግሩ ይሄዳል።
  ድር ቢያብር አንበሳ ያስር።
  ሰው እንደቤቱ እንጅ እንደ ጉረቤቱ አይተዳደርም።
  እግዜር የከፈተውን ጉሮሮ ሳይዘጋው አይድርም።
  የጎረቤት ሌባ፥ ቢያዩት ይስቅ ባያዩት ያጠልቅ።
  ሥራ ከመፍታት ልጄን ላፋታት።
  ዓባይ ማደሪያ የለው፥ ግንድ ይዞ ይዞራል።
  የእስላም አገሩ መካ የአሞራ አገሩ ዋርካ።
  ተንጋሎ ቢተፉ ተመልሶ ባፉ።
  ወዳጅህ ማር ቢሆን ጨርስህ አትላሰው።
  እግርህን በፍራሽህ ልክ ዘርጋ።

Runes:

  ᚻᛖ ᚳᚹᚫᚦ ᚦᚫᛏ ᚻᛖ ᛒᚢᛞᛖ ᚩᚾ ᚦᚫᛗ ᛚᚪᚾᛞᛖ ᚾᚩᚱᚦᚹ

  (Old English, which transcribed into L
  bude thaem lande northweardum with tha
  that he lived in the northern land nea

Braille:

  ⡌⠁⠧⠑ ⠼⠁⠒  ⡍⠜⠇⠑⠹⠰⠎ ⡣⠕⠌

  ⡍⠜⠇⠑⠹ ⠺⠁⠎ ⠙⠑⠁⠙⠒ ⠞⠕ ⠃⠑⠛⠔ ⠺⠊⠹⠲ ⡹⠻⠑ ⠊⠎ ⠝⠕
  ⠱⠁⠞⠑⠧⠻ ⠁⠃⠳⠞ ⠹⠁⠞⠲ ⡹⠑ ⠗⠑⠛⠊⠌⠻ ⠕⠋ ⠙⠊⠎ ⠃⠥⠗⠊
  ⠎⠊⠛⠝⠫ ⠃⠹ ⠹⠑ ⠊⠇⠻⠛⠹⠍⠁⠝⠂ ⠹⠑ ⠊⠇⠻⠅⠂ ⠹⠑ ⠥⠝⠙⠻
  ⠁⠝⠙ ⠹⠑ ⠡⠊⠑⠋ ⠍⠳⠗⠝⠻⠲ ⡎⠊⠗⠕⠕⠛⠑ ⠎⠊⠛⠝⠫ ⠊⠞⠲ ⡁
  ⡎⠊⠗⠕⠕⠛⠑⠰⠎ ⠝⠁⠍⠑ ⠺⠁⠎ ⠛⠕⠕⠙ ⠥⠏⠕⠝ ⠰⡡⠁⠝⠛⠑⠂ ⠋
  ⠡⠕⠎⠑ ⠞⠕ ⠏⠥⠞ ⠙⠊⠎ ⠙⠁⠝⠙ ⠞⠕⠲

  ⡕⠇⠙ ⡍⠜⠇⠑⠹ ⠺⠁⠎ ⠁⠎ ⠙⠑⠁⠙ ⠁⠎ ⠁ ⠙⠕⠕⠗⠤⠝⠁⠊⠇⠲

  ⡍⠔⠙⠖ ⡊ ⠙⠕⠝⠰⠞ ⠍⠑⠁⠝ ⠞⠕ ⠎⠁⠹ ⠹⠁⠞ ⡊ ⠅⠝⠪⠂ ⠕⠋
  ⠪⠝ ⠅⠝⠪⠇⠫⠛⠑⠂ ⠱⠁⠞ ⠹⠻⠑ ⠊⠎ ⠏⠜⠞⠊⠊⠥⠇⠜⠇⠹ ⠙⠑⠁⠙
  ⠁ ⠙⠕⠕⠗⠤⠝⠁⠊⠇⠲ ⡊ ⠍⠊⠣⠞ ⠙⠁⠧⠑ ⠃⠑⠲ ⠔⠊⠇⠔⠫⠂ ⠍⠹
  ⠗⠑⠛⠜⠙ ⠁ ⠊⠕⠋⠋⠔⠤⠝⠁⠊⠇ ⠁⠎ ⠹⠑ ⠙⠑⠁⠙⠑⠌ ⠏⠊⠑⠊⠑ 
  ⠔ ⠹⠑ ⠞⠗⠁⠙⠑⠲ ⡃⠥⠞ ⠹⠑ ⠺⠊⠎⠙⠕⠍ ⠕⠋ ⠳⠗ ⠁⠝⠊⠑⠌⠕
  ⠊⠎ ⠔ ⠹⠑ ⠎⠊⠍⠊⠇⠑⠆ ⠁⠝⠙ ⠍⠹ ⠥⠝⠙⠁⠇⠇⠪⠫ ⠙⠁⠝⠙⠎
  ⠩⠁⠇⠇ ⠝⠕⠞ ⠙⠊⠌⠥⠗⠃ ⠊⠞⠂ ⠕⠗ ⠹⠑ ⡊⠳⠝⠞⠗⠹⠰⠎ ⠙⠕⠝
  ⠺⠊⠇⠇ ⠹⠻⠑⠋⠕⠗⠑ ⠏⠻⠍⠊⠞ ⠍⠑ ⠞⠕ ⠗⠑⠏⠑⠁⠞⠂ ⠑⠍⠏⠙⠁
  ⡍⠜⠇⠑⠹ ⠺⠁⠎ ⠁⠎ ⠙⠑⠁⠙ ⠁⠎ ⠁ ⠙⠕⠕⠗⠤⠝⠁⠊⠇⠲

  (The first couple of paragraphs of "A 

Compact font selection example text:

  ABCDEFGHIJKLMNOPQRSTUVWXYZ /0123456789
  abcdefghijklmnopqrstuvwxyz £©µÀÆÖÞßéöÿ
  –—‘“”„†•…‰™œŠŸž€ ΑΒΓΔΩαβγδω АБВГДабвгд
  ∀∂∈ℝ∧∪≡∞ ↑↗↨↻⇣ ┐┼╔╘░►☺♀ ﬁ�⑀₂ἠḂӥẄɐː⍎אԱა

Greetings in various languages:

  Hello world, Καλημέρα κόσμε, コンニチ

Box drawing alignment tests:            
                                        
  ╔══╦══╗  ┌──┬──┐  ╭──┬──╮  ╭──┬──╮  ┏━
  ║┌─╨─┐║  │╔═╧═╗│  │╒═╪═╕│  │╓─╁─╖│  ┃┌
  ║│╲ ╱│║  │║   ║│  ││ │ ││  │║ ┃ ║│  ┃│
  ╠╡ ╳ ╞╣  ├╢   ╟┤  ├┼─┼─┼┤  ├╫─╂─╫┤  ┣┿
  ║│╱ ╲│║  │║   ║│  ││ │ ││  │║ ┃ ║│  ┃│
  ║└─╥─┘║  │╚═╤═╝│  │╘═╪═╛│  │╙─╀─╜│  ┃└
  ╚══╩══╝  └──┴──┘  ╰──┴──╯  ╰──┴──╯  ┗━
                                        
